core_cm7.h:2229:22:SCB_EnableICache	4	static,ignoring_inline_asm
core_cm7.h:2281:22:SCB_EnableDCache	24	static,ignoring_inline_asm
main.c:23:1:__io_putchar	16	static
main.c:31:5:_write	24	static
main.c:68:6:MPU_RegionConfig	24	static
main.c:104:5:main	8	static
main.c:153:6:MX_DMA2D_Init	8	static
main.c:175:6:DMA_init	4	static
main.c:191:6:DMA_	4	static
main.c:201:6:MX_DMA_Init	16	static
main.c:214:6:SystemClock_Config	232	static
main.c:265:13:MX_ADC1_Init	24	static
main.c:317:13:MX_GPIO_Init	24	static
main.c:327:6:adc1_init	4	static
main.c:343:6:Error_Handler	4	static,ignoring_inline_asm
