core_cm7.h:2229:22:SCB_EnableICache	4	static,ignoring_inline_asm
core_cm7.h:2281:22:SCB_EnableDCache	24	static,ignoring_inline_asm
main.c:22:1:__io_putchar	16	static
main.c:30:5:_write	24	static
main.c:60:6:MPU_RegionConfig	24	static
main.c:94:5:main	8	static
main.c:127:6:DMA2_Steram0_IRQHandler	16	static
main.c:134:6:MX_DMA2D_Init	8	static
main.c:156:6:DMA_init	4	static
main.c:172:6:DMA_	4	static
main.c:181:6:SystemClock_Config	232	static
main.c:232:13:MX_ADC1_Init	24	static
main.c:283:13:MX_GPIO_Init	24	static
main.c:293:6:adc1_init	4	static
main.c:309:6:Error_Handler	4	static,ignoring_inline_asm
